
[1m[46m RUN [49m[22m [36mv4.0.18 [39m[90mC:/Users/user/Documents/Projetos GIT-Godot/GIT/JJ_reviews/frontend[39m

 [32mÔ£ô[39m src/__tests__/components/EmptyState.test.tsx [2m([22m[2m2 tests[22m[2m)[22m[33m 1145[2mms[22m[39m
     [33m[2mÔ£ô[22m[39m chama onAction quando o bot├úo ├® clicado [33m 1017[2mms[22m[39m
 [32mÔ£ô[39m src/__tests__/components/MovieCard.test.tsx [2m([22m[2m14 tests[22m[2m)[22m[33m 1496[2mms[22m[39m
     [33m[2mÔ£ô[22m[39m chama onClick quando clicado [33m 835[2mms[22m[39m
 [32mÔ£ô[39m src/__tests__/components/StarRating.test.tsx [2m([22m[2m7 tests[22m[2m)[22m[33m 5190[2mms[22m[39m
     [33m[2mÔ£ô[22m[39m renderiza 10 estrelas por padr├úo [33m 2520[2mms[22m[39m
     [33m[2mÔ£ô[22m[39m renderiza n├║mero customizado de estrelas [33m 1060[2mms[22m[39m
     [33m[2mÔ£ô[22m[39m aceita readOnly sem onChange [33m 1307[2mms[22m[39m
 [32mÔ£ô[39m src/__tests__/components/ConfirmModal.test.tsx [2m([22m[2m7 tests[22m[2m)[22m[33m 3428[2mms[22m[39m
     [33m[2mÔ£ô[22m[39m renderiza t├¡tulo e mensagem quando show=true [33m 1238[2mms[22m[39m
     [33m[2mÔ£ô[22m[39m chama onConfirm quando o bot├úo de confirma├º├úo ├® clicado [33m 642[2mms[22m[39m
     [33m[2mÔ£ô[22m[39m chama onHide quando o bot├úo Cancelar ├® clicado [33m 746[2mms[22m[39m
     [33m[2mÔ£ô[22m[39m desabilita bot├Áes quando isProcessing=true [33m 343[2mms[22m[39m
 [32mÔ£ô[39m src/__tests__/features/MovieBattle.test.tsx [2m([22m[2m9 tests[22m[2m)[22m[33m 5148[2mms[22m[39m
     [33m[2mÔ£ô[22m[39m renderiza a tela de setup inicialmente [33m 356[2mms[22m[39m
     [33m[2mÔ£ô[22m[39m chama onExit quando o bot├úo Sair ├® clicado [33m 1476[2mms[22m[39m
     [33m[2mÔ£ô[22m[39m inicia a batalha e mostra os cards [33m 1488[2mms[22m[39m
     [33m[2mÔ£ô[22m[39m progride para o pr├│ximo duelo ap├│s selecionar um vencedor [33m 1320[2mms[22m[39m
 [32mÔ£ô[39m src/__tests__/features/EditListModal.test.tsx [2m([22m[2m8 tests[22m[2m)[22m[33m 6169[2mms[22m[39m
     [33m[2mÔ£ô[22m[39m renderiza com os dados da lista pr├®-preenchidos [33m 2244[2mms[22m[39m
     [33m[2mÔ£ô[22m[39m chama onUpdate com os dados corretos ao submeter [33m 2936[2mms[22m[39m
     [33m[2mÔ£ô[22m[39m chama onHide ao clicar em Cancelar [33m 351[2mms[22m[39m
 [32mÔ£ô[39m src/__tests__/features/CreateListModal.test.tsx [2m([22m[2m11 tests[22m[2m)[22m[33m 7954[2mms[22m[39m
     [33m[2mÔ£ô[22m[39m renderiza t├¡tulo 'Nova Lista' quando aberto [33m 1979[2mms[22m[39m
     [33m[2mÔ£ô[22m[39m exibe os tr├¬s tipos de lista [33m 335[2mms[22m[39m
     [33m[2mÔ£ô[22m[39m desabilita bot├úo de submit quando nome est├í vazio [33m 500[2mms[22m[39m
     [33m[2mÔ£ô[22m[39m habilita bot├úo de submit quando nome ├® preenchido [33m 1877[2mms[22m[39m
     [33m[2mÔ£ô[22m[39m mostra se├º├úo de amigos ao selecionar tipo compartilhado [33m 391[2mms[22m[39m
     [33m[2mÔ£ô[22m[39m esconde se├º├úo de amigos ao voltar para Particular [33m 1096[2mms[22m[39m
     [33m[2mÔ£ô[22m[39m submete lista particular corretamente [33m 953[2mms[22m[39m
 [32mÔ£ô[39m src/__tests__/features/Dashboard.test.tsx [2m([22m[2m8 tests[22m[2m)[22m[33m 444[2mms[22m[39m
 [32mÔ£ô[39m src/__tests__/hooks/useMovieFilters.test.ts [2m([22m[2m17 tests[22m[2m)[22m[32m 198[2mms[22m[39m
 [32mÔ£ô[39m src/__tests__/components/Footer.test.tsx [2m([22m[2m1 test[22m[2m)[22m[32m 93[2mms[22m[39m
 [32mÔ£ô[39m src/__tests__/App.test.tsx [2m([22m[2m5 tests[22m[2m)[22m[33m 571[2mms[22m[39m
npx.cmd : [90mstderr[2m | src/__tests__/services/tmdbService.test.ts[2m > 
[22m[2mtmdbService[2m > [22m[2menrichMovieWithTmdb[2m > [22m[2mretorna 
dados originais quando TMDB falha
No linha:1 caractere:1
+ npx.cmd vitest run 2>&1 | Out-File -FilePath test-output.txt; Get-Con ...
+ ~~~~~~~~~~~~~~~~~~~~~~~
    + CategoryInfo          : NotSpecified: ([90mstderr[2m...ando TMDB falha 
   :String) [], RemoteException
    + FullyQualifiedErrorId : NativeCommandError
 
[22m[39mErro TMDB ID 123 Error: Network error
    at C:/Users/user/Documents/Projetos GIT-Godot/GIT/JJ_reviews/frontend/src/_
_tests__/services/tmdbService.test.ts:73:44
    at [90mfile:///C:/Users/user/Documents/Projetos%20GIT-Godot/GIT/JJ_reviews
/frontend/[39mnode_modules/[4m@vitest[24m/runner/dist/index.js:145:11
    at [90mfile:///C:/Users/user/Documents/Projetos%20GIT-Godot/GIT/JJ_reviews
/frontend/[39mnode_modules/[4m@vitest[24m/runner/dist/index.js:915:26
    at [90mfile:///C:/Users/user/Documents/Projetos%20GIT-Godot/GIT/JJ_reviews
/frontend/[39mnode_modules/[4m@vitest[24m/runner/dist/index.js:1243:20
    at new Promise (<anonymous>)
    at runWithTimeout [90m(file:///C:/Users/user/Documents/Projetos%20GIT-Godo
t/GIT/JJ_reviews/frontend/[39mnode_modules/[4m@vitest[24m/runner/dist/index.
js:1209:10[90m)[39m
    at [90mfile:///C:/Users/user/Documents/Projetos%20GIT-Godot/GIT/JJ_reviews
/frontend/[39mnode_modules/[4m@vitest[24m/runner/dist/index.js:1653:37
    at Traces.$ [90m(file:///C:/Users/user/Documents/Projetos%20GIT-Godot/GIT/
JJ_reviews/frontend/[39mnode_modules/[4mvitest[24m/dist/chunks/traces.CCmnQa
NT.js:142:27[90m)[39m
    at trace [90m(file:///C:/Users/user/Documents/Projetos%20GIT-Godot/GIT/JJ_
reviews/frontend/[39mnode_modules/[4mvitest[24m/dist/chunks/test.B8ej_ZHS.js
:239:21[90m)[39m
    at runTest [90m(file:///C:/Users/user/Documents/Projetos%20GIT-Godot/GIT/J
J_reviews/frontend/[39mnode_modules/[4m@vitest[24m/runner/dist/index.js:1653
:12[90m)[39m

[90mstderr[2m | src/__tests__/services/tmdbService.test.ts[2m > 
[22m[2mtmdbService[2m > [22m[2msearchMovies[2m > [22m[2mretorna array 
vazio quando API falha
[22m[39mErro ao buscar filmes no TMDB: Error: Network error
    at C:/Users/user/Documents/Projetos GIT-Godot/GIT/JJ_reviews/frontend/src/_
_tests__/services/tmdbService.test.ts:135:44
    at [90mfile:///C:/Users/user/Documents/Projetos%20GIT-Godot/GIT/JJ_reviews
/frontend/[39mnode_modules/[4m@vitest[24m/runner/dist/index.js:145:11
    at [90mfile:///C:/Users/user/Documents/Projetos%20GIT-Godot/GIT/JJ_reviews
/frontend/[39mnode_modules/[4m@vitest[24m/runner/dist/index.js:915:26
    at [90mfile:///C:/Users/user/Documents/Projetos%20GIT-Godot/GIT/JJ_reviews
/frontend/[39mnode_modules/[4m@vitest[24m/runner/dist/index.js:1243:20
    at new Promise (<anonymous>)
    at runWithTimeout [90m(file:///C:/Users/user/Documents/Projetos%20GIT-Godo
t/GIT/JJ_reviews/frontend/[39mnode_modules/[4m@vitest[24m/runner/dist/index.
js:1209:10[90m)[39m
    at [90mfile:///C:/Users/user/Documents/Projetos%20GIT-Godot/GIT/JJ_reviews
/frontend/[39mnode_modules/[4m@vitest[24m/runner/dist/index.js:1653:37
    at Traces.$ [90m(file:///C:/Users/user/Documents/Projetos%20GIT-Godot/GIT/
JJ_reviews/frontend/[39mnode_modules/[4mvitest[24m/dist/chunks/traces.CCmnQa
NT.js:142:27[90m)[39m
    at trace [90m(file:///C:/Users/user/Documents/Projetos%20GIT-Godot/GIT/JJ_
reviews/frontend/[39mnode_modules/[4mvitest[24m/dist/chunks/test.B8ej_ZHS.js
:239:21[90m)[39m
    at runTest [90m(file:///C:/Users/user/Documents/Projetos%20GIT-Godot/GIT/J
J_reviews/frontend/[39mnode_modules/[4m@vitest[24m/runner/dist/index.js:1653
:12[90m)[39m

 [32mÔ£ô[39m src/__tests__/services/tmdbService.test.ts [2m([22m[2m8 tests[22m[2m)[22m[32m 44[2mms[22m[39m
 [32mÔ£ô[39m src/__tests__/components/LoadingOverlay.test.tsx [2m([22m[2m3 tests[22m[2m)[22m[32m 137[2mms[22m[39m
 [32mÔ£ô[39m src/__tests__/utils/cropImage.test.ts [2m([22m[2m3 tests[22m[2m)[22m[32m 20[2mms[22m[39m
 [32mÔ£ô[39m src/__tests__/types/types.test.ts [2m([22m[2m14 tests[22m[2m)[22m[32m 18[2mms[22m[39m
 [32mÔ£ô[39m src/__tests__/constants/oscar.test.ts [2m([22m[2m4 tests[22m[2m)[22m[32m 12[2mms[22m[39m
 [32mÔ£ô[39m src/__tests__/utils/badges.test.ts [2m([22m[2m9 tests[22m[2m)[22m[32m 14[2mms[22m[39m

[2m Test Files [22m [1m[32m17 passed[39m[22m[90m (17)[39m
[2m      Tests [22m [1m[32m130 passed[39m[22m[90m (130)[39m
[2m   Start at [22m 18:56:07
[2m   Duration [22m 31.95s[2m (transform 9.70s, setup 10.89s, import 43.88s, tests 32.08s, environment 96.32s)[22m

